// Jest Snapshot v1, https://goo.gl/fbAQLP

exports[`Footer Component Render 1`] = `
<DocumentFragment>
  <footer
    class="ant-layout-footer"
    style="padding: 0px;"
  >
    <div
      class="ant-pro-global-footer"
    >
      <div
        class="ant-pro-global-footer-links"
      >
        <a
          href="https://bankofchain.io/"
          rel="noreferrer"
          target="_blank"
          title="BOC Homepage"
        >
          BOC Homepage
        </a>
        <a
          href="https://dashboard.bankofchain.io/"
          rel="noreferrer"
          target="_blank"
          title="BOC Dashboard"
        >
          BOC Dashboard
        </a>
      </div>
      <div
        class="ant-pro-global-footer-copyright"
      >
        <span
          aria-label="copyright"
          class="anticon anticon-copyright"
          role="img"
        >
          <svg
            aria-hidden="true"
            data-icon="copyright"
            fill="currentColor"
            focusable="false"
            height="1em"
            viewBox="64 64 896 896"
            width="1em"
          >
            <path
              d="M512 64C264.6 64 64 264.6 64 512s200.6 448 448 448 448-200.6 448-448S759.4 64 512 64zm0 820c-205.4 0-372-166.6-372-372s166.6-372 372-372 372 166.6 372 372-166.6 372-372 372zm5.6-532.7c53 0 89 33.8 93 83.4.3 4.2 3.8 7.4 8 7.4h56.7c2.6 0 4.7-2.1 4.7-4.7 0-86.7-68.4-147.4-162.7-147.4C407.4 290 344 364.2 344 486.8v52.3C344 660.8 407.4 734 517.3 734c94 0 162.7-58.8 162.7-141.4 0-2.6-2.1-4.7-4.7-4.7h-56.8c-4.2 0-7.6 3.2-8 7.3-4.2 46.1-40.1 77.8-93 77.8-65.3 0-102.1-47.9-102.1-133.6v-52.6c.1-87 37-135.5 102.2-135.5z"
            />
          </svg>
        </span>
         Produced by Bank Of Chain 2022
      </div>
    </div>
  </footer>
</DocumentFragment>
`;
